Archive member included to satisfy reference by file (symbol)

f:/st/stm32cubeide_1.4.0/stm32cubeide/plugins/com.st.stm32cube.ide.mcu.externaltools.gnu-tools-for-stm32.7-2018-q2-update.win32_1.4.0.202007081208/tools/bin/../lib/gcc/arm-none-eabi/7.3.1/../../../../arm-none-eabi/lib/thumb/v7e-m/fpv4-sp/hard\libc_nano.a(lib_a-errno.o)
                              Core/Src/syscalls.o (__errno)
f:/st/stm32cubeide_1.4.0/stm32cubeide/plugins/com.st.stm32cube.ide.mcu.externaltools.gnu-tools-for-stm32.7-2018-q2-update.win32_1.4.0.202007081208/tools/bin/../lib/gcc/arm-none-eabi/7.3.1/../../../../arm-none-eabi/lib/thumb/v7e-m/fpv4-sp/hard\libc_nano.a(lib_a-exit.o)
                              f:/st/stm32cubeide_1.4.0/stm32cubeide/plugins/com.st.stm32cube.ide.mcu.externaltools.gnu-tools-for-stm32.7-2018-q2-update.win32_1.4.0.202007081208/tools/bin/../lib/gcc/arm-none-eabi/7.3.1/../../../../arm-none-eabi/lib/thumb/v7e-m/fpv4-sp/hard/crt0.o (exit)
f:/st/stm32cubeide_1.4.0/stm32cubeide/plugins/com.st.stm32cube.ide.mcu.externaltools.gnu-tools-for-stm32.7-2018-q2-update.win32_1.4.0.202007081208/tools/bin/../lib/gcc/arm-none-eabi/7.3.1/../../../../arm-none-eabi/lib/thumb/v7e-m/fpv4-sp/hard\libc_nano.a(lib_a-impure.o)
                              f:/st/stm32cubeide_1.4.0/stm32cubeide/plugins/com.st.stm32cube.ide.mcu.externaltools.gnu-tools-for-stm32.7-2018-q2-update.win32_1.4.0.202007081208/tools/bin/../lib/gcc/arm-none-eabi/7.3.1/../../../../arm-none-eabi/lib/thumb/v7e-m/fpv4-sp/hard\libc_nano.a(lib_a-exit.o) (_global_impure_ptr)
f:/st/stm32cubeide_1.4.0/stm32cubeide/plugins/com.st.stm32cube.ide.mcu.externaltools.gnu-tools-for-stm32.7-2018-q2-update.win32_1.4.0.202007081208/tools/bin/../lib/gcc/arm-none-eabi/7.3.1/../../../../arm-none-eabi/lib/thumb/v7e-m/fpv4-sp/hard\libc_nano.a(lib_a-init.o)
                              f:/st/stm32cubeide_1.4.0/stm32cubeide/plugins/com.st.stm32cube.ide.mcu.externaltools.gnu-tools-for-stm32.7-2018-q2-update.win32_1.4.0.202007081208/tools/bin/../lib/gcc/arm-none-eabi/7.3.1/../../../../arm-none-eabi/lib/thumb/v7e-m/fpv4-sp/hard/crt0.o (__libc_init_array)
f:/st/stm32cubeide_1.4.0/stm32cubeide/plugins/com.st.stm32cube.ide.mcu.externaltools.gnu-tools-for-stm32.7-2018-q2-update.win32_1.4.0.202007081208/tools/bin/../lib/gcc/arm-none-eabi/7.3.1/../../../../arm-none-eabi/lib/thumb/v7e-m/fpv4-sp/hard\libc_nano.a(lib_a-memset.o)
                              f:/st/stm32cubeide_1.4.0/stm32cubeide/plugins/com.st.stm32cube.ide.mcu.externaltools.gnu-tools-for-stm32.7-2018-q2-update.win32_1.4.0.202007081208/tools/bin/../lib/gcc/arm-none-eabi/7.3.1/../../../../arm-none-eabi/lib/thumb/v7e-m/fpv4-sp/hard/crt0.o (memset)

Allocating common symbols
Common symbol       size              file

string              0x8               Core/Src/main.o

Discarded input sections

 .text          0x0000000000000000        0x0 f:/st/stm32cubeide_1.4.0/stm32cubeide/plugins/com.st.stm32cube.ide.mcu.externaltools.gnu-tools-for-stm32.7-2018-q2-update.win32_1.4.0.202007081208/tools/bin/../lib/gcc/arm-none-eabi/7.3.1/thumb/v7e-m/fpv4-sp/hard/crti.o
 .data          0x0000000000000000        0x0 f:/st/stm32cubeide_1.4.0/stm32cubeide/plugins/com.st.stm32cube.ide.mcu.externaltools.gnu-tools-for-stm32.7-2018-q2-update.win32_1.4.0.202007081208/tools/bin/../lib/gcc/arm-none-eabi/7.3.1/thumb/v7e-m/fpv4-sp/hard/crti.o
 .bss           0x0000000000000000        0x0 f:/st/stm32cubeide_1.4.0/stm32cubeide/plugins/com.st.stm32cube.ide.mcu.externaltools.gnu-tools-for-stm32.7-2018-q2-update.win32_1.4.0.202007081208/tools/bin/../lib/gcc/arm-none-eabi/7.3.1/thumb/v7e-m/fpv4-sp/hard/crti.o
 .data          0x0000000000000000        0x4 f:/st/stm32cubeide_1.4.0/stm32cubeide/plugins/com.st.stm32cube.ide.mcu.externaltools.gnu-tools-for-stm32.7-2018-q2-update.win32_1.4.0.202007081208/tools/bin/../lib/gcc/arm-none-eabi/7.3.1/thumb/v7e-m/fpv4-sp/hard/crtbegin.o
 .text          0x0000000000000000       0x74 f:/st/stm32cubeide_1.4.0/stm32cubeide/plugins/com.st.stm32cube.ide.mcu.externaltools.gnu-tools-for-stm32.7-2018-q2-update.win32_1.4.0.202007081208/tools/bin/../lib/gcc/arm-none-eabi/7.3.1/../../../../arm-none-eabi/lib/thumb/v7e-m/fpv4-sp/hard/crt0.o
 .data          0x0000000000000000        0x0 f:/st/stm32cubeide_1.4.0/stm32cubeide/plugins/com.st.stm32cube.ide.mcu.externaltools.gnu-tools-for-stm32.7-2018-q2-update.win32_1.4.0.202007081208/tools/bin/../lib/gcc/arm-none-eabi/7.3.1/../../../../arm-none-eabi/lib/thumb/v7e-m/fpv4-sp/hard/crt0.o
 .bss           0x0000000000000000        0x0 f:/st/stm32cubeide_1.4.0/stm32cubeide/plugins/com.st.stm32cube.ide.mcu.externaltools.gnu-tools-for-stm32.7-2018-q2-update.win32_1.4.0.202007081208/tools/bin/../lib/gcc/arm-none-eabi/7.3.1/../../../../arm-none-eabi/lib/thumb/v7e-m/fpv4-sp/hard/crt0.o
[...]
Memory Configuration

Name             Origin             Length             Attributes
CCMRAM           0x0000000010000000 0x0000000000001000 xrw
RAM              0x0000000020000000 0x0000000000003000 xrw
FLASH            0x0000000008000000 0x0000000000010000 xr
*default*        0x0000000000000000 0xffffffffffffffff

Linker script and memory map

LOAD f:/st/stm32cubeide_1.4.0/stm32cubeide/plugins/com.st.stm32cube.ide.mcu.externaltools.gnu-tools-for-stm32.7-2018-q2-update.win32_1.4.0.202007081208/tools/bin/../lib/gcc/arm-none-eabi/7.3.1/thumb/v7e-m/fpv4-sp/hard/crti.o
LOAD f:/st/stm32cubeide_1.4.0/stm32cubeide/plugins/com.st.stm32cube.ide.mcu.externaltools.gnu-tools-for-stm32.7-2018-q2-update.win32_1.4.0.202007081208/tools/bin/../lib/gcc/arm-none-eabi/7.3.1/thumb/v7e-m/fpv4-sp/hard/crtbegin.o
LOAD f:/st/stm32cubeide_1.4.0/stm32cubeide/plugins/com.st.stm32cube.ide.mcu.externaltools.gnu-tools-for-stm32.7-2018-q2-update.win32_1.4.0.202007081208/tools/bin/../lib/gcc/arm-none-eabi/7.3.1/../../../../arm-none-eabi/lib/thumb/v7e-m/fpv4-sp/hard/crt0.o
LOAD Core/Src/gpio.o
LOAD Core/Src/main.o
LOAD Core/Src/stm32f3xx_it.o
LOAD Core/Src/syscalls.o
LOAD Core/Src/sysmem.o
LOAD Core/Src/system_stm32f3xx.o
LOAD Core/Src/usart.o
LOAD Core/Startup/startup_stm32f303k8tx.o
LOAD Drivers/STM32F3xx_HAL_Driver/Src/stm32f3xx_ll_dma.o
LOAD Drivers/STM32F3xx_HAL_Driver/Src/stm32f3xx_ll_exti.o
LOAD Drivers/STM32F3xx_HAL_Driver/Src/stm32f3xx_ll_gpio.o
LOAD Drivers/STM32F3xx_HAL_Driver/Src/stm32f3xx_ll_rcc.o
LOAD Drivers/STM32F3xx_HAL_Driver/Src/stm32f3xx_ll_usart.o
LOAD Drivers/STM32F3xx_HAL_Driver/Src/stm32f3xx_ll_utils.o
START GROUP
LOAD f:/st/stm32cubeide_1.4.0/stm32cubeide/plugins/com.st.stm32cube.ide.mcu.externaltools.gnu-tools-for-stm32.7-2018-q2-update.win32_1.4.0.202007081208/tools/bin/../lib/gcc/arm-none-eabi/7.3.1/../../../../arm-none-eabi/lib/thumb/v7e-m/fpv4-sp/hard\libc_nano.a
LOAD f:/st/stm32cubeide_1.4.0/stm32cubeide/plugins/com.st.stm32cube.ide.mcu.externaltools.gnu-tools-for-stm32.7-2018-q2-update.win32_1.4.0.202007081208/tools/bin/../lib/gcc/arm-none-eabi/7.3.1/../../../../arm-none-eabi/lib/thumb/v7e-m/fpv4-sp/hard\libm.a
END GROUP
START GROUP
LOAD f:/st/stm32cubeide_1.4.0/stm32cubeide/plugins/com.st.stm32cube.ide.mcu.externaltools.gnu-tools-for-stm32.7-2018-q2-update.win32_1.4.0.202007081208/tools/bin/../lib/gcc/arm-none-eabi/7.3.1/thumb/v7e-m/fpv4-sp/hard\libgcc.a
LOAD f:/st/stm32cubeide_1.4.0/stm32cubeide/plugins/com.st.stm32cube.ide.mcu.externaltools.gnu-tools-for-stm32.7-2018-q2-update.win32_1.4.0.202007081208/tools/bin/../lib/gcc/arm-none-eabi/7.3.1/../../../../arm-none-eabi/lib/thumb/v7e-m/fpv4-sp/hard\libc_nano.a
END GROUP
START GROUP
LOAD f:/st/stm32cubeide_1.4.0/stm32cubeide/plugins/com.st.stm32cube.ide.mcu.externaltools.gnu-tools-for-stm32.7-2018-q2-update.win32_1.4.0.202007081208/tools/bin/../lib/gcc/arm-none-eabi/7.3.1/thumb/v7e-m/fpv4-sp/hard\libgcc.a
LOAD f:/st/stm32cubeide_1.4.0/stm32cubeide/plugins/com.st.stm32cube.ide.mcu.externaltools.gnu-tools-for-stm32.7-2018-q2-update.win32_1.4.0.202007081208/tools/bin/../lib/gcc/arm-none-eabi/7.3.1/../../../../arm-none-eabi/lib/thumb/v7e-m/fpv4-sp/hard\libc_nano.a
LOAD f:/st/stm32cubeide_1.4.0/stm32cubeide/plugins/com.st.stm32cube.ide.mcu.externaltools.gnu-tools-for-stm32.7-2018-q2-update.win32_1.4.0.202007081208/tools/bin/../lib/gcc/arm-none-eabi/7.3.1/../../../../arm-none-eabi/lib/thumb/v7e-m/fpv4-sp/hard\libnosys.a
END GROUP
START GROUP
LOAD f:/st/stm32cubeide_1.4.0/stm32cubeide/plugins/com.st.stm32cube.ide.mcu.externaltools.gnu-tools-for-stm32.7-2018-q2-update.win32_1.4.0.202007081208/tools/bin/../lib/gcc/arm-none-eabi/7.3.1/thumb/v7e-m/fpv4-sp/hard\libgcc.a
LOAD f:/st/stm32cubeide_1.4.0/stm32cubeide/plugins/com.st.stm32cube.ide.mcu.externaltools.gnu-tools-for-stm32.7-2018-q2-update.win32_1.4.0.202007081208/tools/bin/../lib/gcc/arm-none-eabi/7.3.1/../../../../arm-none-eabi/lib/thumb/v7e-m/fpv4-sp/hard\libc_nano.a
LOAD f:/st/stm32cubeide_1.4.0/stm32cubeide/plugins/com.st.stm32cube.ide.mcu.externaltools.gnu-tools-for-stm32.7-2018-q2-update.win32_1.4.0.202007081208/tools/bin/../lib/gcc/arm-none-eabi/7.3.1/../../../../arm-none-eabi/lib/thumb/v7e-m/fpv4-sp/hard\libnosys.a
END GROUP
LOAD f:/st/stm32cubeide_1.4.0/stm32cubeide/plugins/com.st.stm32cube.ide.mcu.externaltools.gnu-tools-for-stm32.7-2018-q2-update.win32_1.4.0.202007081208/tools/bin/../lib/gcc/arm-none-eabi/7.3.1/thumb/v7e-m/fpv4-sp/hard/crtend.o
LOAD f:/st/stm32cubeide_1.4.0/stm32cubeide/plugins/com.st.stm32cube.ide.mcu.externaltools.gnu-tools-for-stm32.7-2018-q2-update.win32_1.4.0.202007081208/tools/bin/../lib/gcc/arm-none-eabi/7.3.1/thumb/v7e-m/fpv4-sp/hard/crtn.o
                0x0000000020003000                _estack = (ORIGIN (RAM) + LENGTH (RAM))
                0x0000000000000200                _Min_Heap_Size = 0x200
                0x0000000000000400                _Min_Stack_Size = 0x400

.isr_vector     0x0000000008000000      0x188
                0x0000000008000000                . = ALIGN (0x4)
 *(.isr_vector)
 .isr_vector    0x0000000008000000      0x188 Core/Startup/startup_stm32f303k8tx.o
                0x0000000008000000                g_pfnVectors
                0x0000000008000188                . = ALIGN (0x4)

.text           0x0000000008000188     0x1220
                0x0000000008000188                . = ALIGN (0x4)
 *(.text)
 .text          0x0000000008000188       0x40 f:/st/stm32cubeide_1.4.0/stm32cubeide/plugins/com.st.stm32cube.ide.mcu.externaltools.gnu-tools-for-stm32.7-2018-q2-update.win32_1.4.0.202007081208/tools/bin/../lib/gcc/arm-none-eabi/7.3.1/thumb/v7e-m/fpv4-sp/hard/crtbegin.o
 *(.text*)
 .text.LL_AHB1_GRP1_EnableClock
                0x00000000080001c8       0x30 Core/Src/gpio.o
 .text.LL_GPIO_ResetOutputPin
                0x00000000080001f8       0x1c Core/Src/gpio.o
 .text.MX_GPIO_Init
                0x0000000008000214       0x58 Core/Src/gpio.o
                0x0000000008000214                MX_GPIO_Init
 .text.__NVIC_SetPriorityGrouping
                0x000000000800026c       0x48 Core/Src/main.o
 .text.LL_RCC_HSI_Enable
                0x00000000080002b4       0x20 Core/Src/main.o
 .text.LL_RCC_HSI_IsReady
                0x00000000080002d4       0x24 Core/Src/main.o
 .text.LL_RCC_HSI_SetCalibTrimming
                0x00000000080002f8       0x2c Core/Src/main.o
 .text.LL_RCC_SetSysClkSource
                0x0000000008000324       0x28 Core/Src/main.o
 .text.LL_RCC_GetSysClkSource
                0x000000000800034c       0x1c Core/Src/main.o
 .text.LL_RCC_SetAHBPrescaler
                0x0000000008000368       0x28 Core/Src/main.o
 .text.LL_RCC_SetAPB1Prescaler
                0x0000000008000390       0x28 Core/Src/main.o
 .text.LL_RCC_SetAPB2Prescaler
                0x00000000080003b8       0x28 Core/Src/main.o
 .text.LL_APB1_GRP1_EnableClock
                0x00000000080003e0       0x30 Core/Src/main.o
 .text.LL_APB2_GRP1_EnableClock
                0x0000000008000410       0x30 Core/Src/main.o
 .text.LL_FLASH_SetLatency
                0x0000000008000440       0x28 Core/Src/main.o
 .text.LL_FLASH_GetLatency
                0x0000000008000468       0x1c Core/Src/main.o
 .text.LL_USART_IsActiveFlag_TXE
                0x0000000008000484       0x26 Core/Src/main.o
 .text.LL_USART_TransmitData8
                0x00000000080004aa       0x20 Core/Src/main.o
 .text.LL_GPIO_ReadInputPort
                0x00000000080004ca       0x18 Core/Src/main.o
 .text.LL_GPIO_SetOutputPin
                0x00000000080004e2       0x1c Core/Src/main.o
 .text.LL_GPIO_ResetOutputPin
                0x00000000080004fe       0x1c Core/Src/main.o
 *fill*         0x000000000800051a        0x2 
 .text.main     0x000000000800051c       0xa4 Core/Src/main.o
                0x000000000800051c                main
 .text.SystemClock_Config
                0x00000000080005c0       0x64 Core/Src/main.o
                0x00000000080005c0                SystemClock_Config
 .text.process_serial_data
                0x0000000008000624       0x5c Core/Src/main.o
                0x0000000008000624                process_serial_data
 .text.LL_USART_IsActiveFlag_RXNE
                0x0000000008000680       0x26 Core/Src/stm32f3xx_it.o
 .text.LL_USART_ReceiveData8
                0x00000000080006a6       0x1c Core/Src/stm32f3xx_it.o
 .text.NMI_Handler
                0x00000000080006c2        0xe Core/Src/stm32f3xx_it.o
                0x00000000080006c2                NMI_Handler
 .text.HardFault_Handler
                0x00000000080006d0        0x6 Core/Src/stm32f3xx_it.o
                0x00000000080006d0                HardFault_Handler
 .text.MemManage_Handler
                0x00000000080006d6        0x6 Core/Src/stm32f3xx_it.o
                0x00000000080006d6                MemManage_Handler
 .text.BusFault_Handler
                0x00000000080006dc        0x6 Core/Src/stm32f3xx_it.o
                0x00000000080006dc                BusFault_Handler
 .text.UsageFault_Handler
                0x00000000080006e2        0x6 Core/Src/stm32f3xx_it.o
                0x00000000080006e2                UsageFault_Handler
 .text.SVC_Handler
                0x00000000080006e8        0xe Core/Src/stm32f3xx_it.o
                0x00000000080006e8                SVC_Handler
 .text.DebugMon_Handler
                0x00000000080006f6        0xe Core/Src/stm32f3xx_it.o
                0x00000000080006f6                DebugMon_Handler
 .text.PendSV_Handler
                0x0000000008000704        0xe Core/Src/stm32f3xx_it.o
                0x0000000008000704                PendSV_Handler
 .text.SysTick_Handler
                0x0000000008000712        0xe Core/Src/stm32f3xx_it.o
                0x0000000008000712                SysTick_Handler
 .text.USART2_IRQHandler
                0x0000000008000720       0x28 Core/Src/stm32f3xx_it.o
                0x0000000008000720                USART2_IRQHandler
 .text.SystemInit
                0x0000000008000748       0x2c Core/Src/system_stm32f3xx.o
                0x0000000008000748                SystemInit
 .text.__NVIC_GetPriorityGrouping
                0x0000000008000774       0x1c Core/Src/usart.o
 .text.__NVIC_EnableIRQ
                0x0000000008000790       0x3c Core/Src/usart.o
 .text.__NVIC_SetPriority
                0x00000000080007cc       0x54 Core/Src/usart.o
 .text.NVIC_EncodePriority
                0x0000000008000820       0x66 Core/Src/usart.o
 *fill*         0x0000000008000886        0x2 
 .text.LL_AHB1_GRP1_EnableClock
                0x0000000008000888       0x30 Core/Src/usart.o
 .text.LL_APB1_GRP1_EnableClock
                0x00000000080008b8       0x30 Core/Src/usart.o
 .text.LL_USART_Enable
                0x00000000080008e8       0x20 Core/Src/usart.o
 .text.LL_USART_ConfigAsyncMode
                0x0000000008000908       0x2c Core/Src/usart.o
 .text.LL_USART_DisableIT_CTS
                0x0000000008000934       0x20 Core/Src/usart.o
 .text.USART2_RegisterCallback
                0x0000000008000954       0x20 Core/Src/usart.o
                0x0000000008000954                USART2_RegisterCallback
 .text.MX_USART2_UART_Init
                0x0000000008000974       0xc8 Core/Src/usart.o
                0x0000000008000974                MX_USART2_UART_Init
 .text.rx_usart2
                0x0000000008000a3c       0x28 Core/Src/usart.o
                0x0000000008000a3c                rx_usart2
 .text.Reset_Handler
                0x0000000008000a64       0x50 Core/Startup/startup_stm32f303k8tx.o
                0x0000000008000a64                Reset_Handler
 .text.Default_Handler
                0x0000000008000ab4        0x2 Core/Startup/startup_stm32f303k8tx.o
                0x0000000008000ab4                RTC_Alarm_IRQHandler
                0x0000000008000ab4                TIM1_CC_IRQHandler
                0x0000000008000ab4                PVD_IRQHandler
                0x0000000008000ab4                TAMP_STAMP_IRQHandler
                0x0000000008000ab4                EXTI3_IRQHandler
                0x0000000008000ab4                EXTI0_IRQHandler
                0x0000000008000ab4                FPU_IRQHandler
                0x0000000008000ab4                CAN_TX_IRQHandler
                0x0000000008000ab4                TIM1_UP_TIM16_IRQHandler
                0x0000000008000ab4                ADC1_2_IRQHandler
                0x0000000008000ab4                SPI1_IRQHandler
                0x0000000008000ab4                CAN_SCE_IRQHandler
                0x0000000008000ab4                DMA1_Channel4_IRQHandler
                0x0000000008000ab4                USART3_IRQHandler
                0x0000000008000ab4                DMA1_Channel7_IRQHandler
                0x0000000008000ab4                TIM7_DAC2_IRQHandler
                0x0000000008000ab4                CAN_RX1_IRQHandler
                0x0000000008000ab4                I2C1_EV_IRQHandler
                0x0000000008000ab4                DMA1_Channel6_IRQHandler
                0x0000000008000ab4                TIM3_IRQHandler
                0x0000000008000ab4                RCC_IRQHandler
                0x0000000008000ab4                DMA1_Channel1_IRQHandler
                0x0000000008000ab4                Default_Handler
                0x0000000008000ab4                EXTI15_10_IRQHandler
                0x0000000008000ab4                COMP2_IRQHandler
                0x0000000008000ab4                TIM6_DAC1_IRQHandler
                0x0000000008000ab4                EXTI9_5_IRQHandler
                0x0000000008000ab4                RTC_WKUP_IRQHandler
                0x0000000008000ab4                DMA1_Channel5_IRQHandler
                0x0000000008000ab4                EXTI4_IRQHandler
                0x0000000008000ab4                TIM1_TRG_COM_TIM17_IRQHandler
                0x0000000008000ab4                DMA1_Channel3_IRQHandler
                0x0000000008000ab4                WWDG_IRQHandler
                0x0000000008000ab4                TIM2_IRQHandler
                0x0000000008000ab4                EXTI1_IRQHandler
                0x0000000008000ab4                COMP4_6_IRQHandler
                0x0000000008000ab4                DMA1_Channel2_IRQHandler
                0x0000000008000ab4                FLASH_IRQHandler
                0x0000000008000ab4                USART1_IRQHandler
                0x0000000008000ab4                CAN_RX0_IRQHandler
                0x0000000008000ab4                I2C1_ER_IRQHandler
                0x0000000008000ab4                EXTI2_TSC_IRQHandler
                0x0000000008000ab4                TIM1_BRK_TIM15_IRQHandler
 .text.LL_GPIO_SetPinMode
                0x0000000008000ab6       0x5e Drivers/STM32F3xx_HAL_Driver/Src/stm32f3xx_ll_gpio.o
 .text.LL_GPIO_SetPinOutputType
                0x0000000008000b14       0x30 Drivers/STM32F3xx_HAL_Driver/Src/stm32f3xx_ll_gpio.o
 .text.LL_GPIO_SetPinSpeed
                0x0000000008000b44       0x5e Drivers/STM32F3xx_HAL_Driver/Src/stm32f3xx_ll_gpio.o
 .text.LL_GPIO_SetPinPull
                0x0000000008000ba2       0x5e Drivers/STM32F3xx_HAL_Driver/Src/stm32f3xx_ll_gpio.o
 .text.LL_GPIO_SetAFPin_0_7
                0x0000000008000c00       0x5e Drivers/STM32F3xx_HAL_Driver/Src/stm32f3xx_ll_gpio.o
 .text.LL_GPIO_SetAFPin_8_15
                0x0000000008000c5e       0x62 Drivers/STM32F3xx_HAL_Driver/Src/stm32f3xx_ll_gpio.o
 .text.LL_GPIO_Init
                0x0000000008000cc0       0xe0 Drivers/STM32F3xx_HAL_Driver/Src/stm32f3xx_ll_gpio.o
                0x0000000008000cc0                LL_GPIO_Init
 .text.LL_RCC_HSI_IsReady
                0x0000000008000da0       0x24 Drivers/STM32F3xx_HAL_Driver/Src/stm32f3xx_ll_rcc.o
 .text.LL_RCC_LSE_IsReady
                0x0000000008000dc4       0x24 Drivers/STM32F3xx_HAL_Driver/Src/stm32f3xx_ll_rcc.o
 .text.LL_RCC_GetSysClkSource
                0x0000000008000de8       0x1c Drivers/STM32F3xx_HAL_Driver/Src/stm32f3xx_ll_rcc.o
 .text.LL_RCC_GetAHBPrescaler
                0x0000000008000e04       0x1c Drivers/STM32F3xx_HAL_Driver/Src/stm32f3xx_ll_rcc.o
 .text.LL_RCC_GetAPB1Prescaler
                0x0000000008000e20       0x1c Drivers/STM32F3xx_HAL_Driver/Src/stm32f3xx_ll_rcc.o
 .text.LL_RCC_GetAPB2Prescaler
                0x0000000008000e3c       0x1c Drivers/STM32F3xx_HAL_Driver/Src/stm32f3xx_ll_rcc.o
 .text.LL_RCC_GetUSARTClockSource
                0x0000000008000e58       0x2c Drivers/STM32F3xx_HAL_Driver/Src/stm32f3xx_ll_rcc.o
 .text.LL_RCC_PLL_GetMainSource
                0x0000000008000e84       0x1c Drivers/STM32F3xx_HAL_Driver/Src/stm32f3xx_ll_rcc.o
 .text.LL_RCC_PLL_GetMultiplicator
                0x0000000008000ea0       0x1c Drivers/STM32F3xx_HAL_Driver/Src/stm32f3xx_ll_rcc.o
 .text.LL_RCC_PLL_GetPrediv
                0x0000000008000ebc       0x1c Drivers/STM32F3xx_HAL_Driver/Src/stm32f3xx_ll_rcc.o
 .text.LL_RCC_GetSystemClocksFreq
                0x0000000008000ed8       0x4a Drivers/STM32F3xx_HAL_Driver/Src/stm32f3xx_ll_rcc.o
                0x0000000008000ed8                LL_RCC_GetSystemClocksFreq
 *fill*         0x0000000008000f22        0x2 
 .text.LL_RCC_GetUSARTClockFreq
                0x0000000008000f24       0x80 Drivers/STM32F3xx_HAL_Driver/Src/stm32f3xx_ll_rcc.o
                0x0000000008000f24                LL_RCC_GetUSARTClockFreq
 .text.RCC_GetSystemClockFreq
                0x0000000008000fa4       0x44 Drivers/STM32F3xx_HAL_Driver/Src/stm32f3xx_ll_rcc.o
                0x0000000008000fa4                RCC_GetSystemClockFreq
 .text.RCC_GetHCLKClockFreq
                0x0000000008000fe8       0x2c Drivers/STM32F3xx_HAL_Driver/Src/stm32f3xx_ll_rcc.o
                0x0000000008000fe8                RCC_GetHCLKClockFreq
 .text.RCC_GetPCLK1ClockFreq
                0x0000000008001014       0x28 Drivers/STM32F3xx_HAL_Driver/Src/stm32f3xx_ll_rcc.o
                0x0000000008001014                RCC_GetPCLK1ClockFreq
 .text.RCC_GetPCLK2ClockFreq
                0x000000000800103c       0x28 Drivers/STM32F3xx_HAL_Driver/Src/stm32f3xx_ll_rcc.o
                0x000000000800103c                RCC_GetPCLK2ClockFreq
 .text.RCC_PLL_GetFreqDomain_SYS
                0x0000000008001064       0x7c Drivers/STM32F3xx_HAL_Driver/Src/stm32f3xx_ll_rcc.o
                0x0000000008001064                RCC_PLL_GetFreqDomain_SYS
 .text.LL_USART_IsEnabled
                0x00000000080010e0       0x26 Drivers/STM32F3xx_HAL_Driver/Src/stm32f3xx_ll_usart.o
 .text.LL_USART_SetStopBitsLength
                0x0000000008001106       0x26 Drivers/STM32F3xx_HAL_Driver/Src/stm32f3xx_ll_usart.o
 .text.LL_USART_SetHWFlowCtrl
                0x000000000800112c       0x26 Drivers/STM32F3xx_HAL_Driver/Src/stm32f3xx_ll_usart.o
 .text.LL_USART_SetBaudRate
                0x0000000008001152       0x64 Drivers/STM32F3xx_HAL_Driver/Src/stm32f3xx_ll_usart.o
 *fill*         0x00000000080011b6        0x2 
 .text.LL_USART_Init
                0x00000000080011b8       0xd8 Drivers/STM32F3xx_HAL_Driver/Src/stm32f3xx_ll_usart.o
                0x00000000080011b8                LL_USART_Init
 .text.LL_InitTick
                0x0000000008001290       0x34 Drivers/STM32F3xx_HAL_Driver/Src/stm32f3xx_ll_utils.o
 .text.LL_Init1msTick
                0x00000000080012c4       0x1a Drivers/STM32F3xx_HAL_Driver/Src/stm32f3xx_ll_utils.o
                0x00000000080012c4                LL_Init1msTick
 *fill*         0x00000000080012de        0x2 
 .text.LL_mDelay
                0x00000000080012e0       0x48 Drivers/STM32F3xx_HAL_Driver/Src/stm32f3xx_ll_utils.o
                0x00000000080012e0                LL_mDelay
 .text.LL_SetSystemCoreClock
                0x0000000008001328       0x20 Drivers/STM32F3xx_HAL_Driver/Src/stm32f3xx_ll_utils.o
                0x0000000008001328                LL_SetSystemCoreClock
 .text.__libc_init_array
                0x0000000008001348       0x48 f:/st/stm32cubeide_1.4.0/stm32cubeide/plugins/com.st.stm32cube.ide.mcu.externaltools.gnu-tools-for-stm32.7-2018-q2-update.win32_1.4.0.202007081208/tools/bin/../lib/gcc/arm-none-eabi/7.3.1/../../../../arm-none-eabi/lib/thumb/v7e-m/fpv4-sp/hard\libc_nano.a(lib_a-init.o)
                0x0000000008001348                __libc_init_array
 *(.glue_7)
 .glue_7        0x0000000008001390        0x0 linker stubs
 *(.glue_7t)
 .glue_7t       0x0000000008001390        0x0 linker stubs
 *(.eh_frame)
 .eh_frame      0x0000000008001390        0x0 f:/st/stm32cubeide_1.4.0/stm32cubeide/plugins/com.st.stm32cube.ide.mcu.externaltools.gnu-tools-for-stm32.7-2018-q2-update.win32_1.4.0.202007081208/tools/bin/../lib/gcc/arm-none-eabi/7.3.1/thumb/v7e-m/fpv4-sp/hard/crtbegin.o
 *(.init)
 .init          0x0000000008001390        0x4 f:/st/stm32cubeide_1.4.0/stm32cubeide/plugins/com.st.stm32cube.ide.mcu.externaltools.gnu-tools-for-stm32.7-2018-q2-update.win32_1.4.0.202007081208/tools/bin/../lib/gcc/arm-none-eabi/7.3.1/thumb/v7e-m/fpv4-sp/hard/crti.o
                0x0000000008001390                _init
 .init          0x0000000008001394        0x8 f:/st/stm32cubeide_1.4.0/stm32cubeide/plugins/com.st.stm32cube.ide.mcu.externaltools.gnu-tools-for-stm32.7-2018-q2-update.win32_1.4.0.202007081208/tools/bin/../lib/gcc/arm-none-eabi/7.3.1/thumb/v7e-m/fpv4-sp/hard/crtn.o
 *(.fini)
 .fini          0x000000000800139c        0x4 f:/st/stm32cubeide_1.4.0/stm32cubeide/plugins/com.st.stm32cube.ide.mcu.externaltools.gnu-tools-for-stm32.7-2018-q2-update.win32_1.4.0.202007081208/tools/bin/../lib/gcc/arm-none-eabi/7.3.1/thumb/v7e-m/fpv4-sp/hard/crti.o
                0x000000000800139c                _fini
 .fini          0x00000000080013a0        0x8 f:/st/stm32cubeide_1.4.0/stm32cubeide/plugins/com.st.stm32cube.ide.mcu.externaltools.gnu-tools-for-stm32.7-2018-q2-update.win32_1.4.0.202007081208/tools/bin/../lib/gcc/arm-none-eabi/7.3.1/thumb/v7e-m/fpv4-sp/hard/crtn.o
                0x00000000080013a8                . = ALIGN (0x4)
                0x00000000080013a8                _etext = .

.vfp11_veneer   0x00000000080013a8        0x0
 .vfp11_veneer  0x00000000080013a8        0x0 linker stubs

.v4_bx          0x00000000080013a8        0x0
 .v4_bx         0x00000000080013a8        0x0 linker stubs

.iplt           0x00000000080013a8        0x0
 .iplt          0x00000000080013a8        0x0 f:/st/stm32cubeide_1.4.0/stm32cubeide/plugins/com.st.stm32cube.ide.mcu.externaltools.gnu-tools-for-stm32.7-2018-q2-update.win32_1.4.0.202007081208/tools/bin/../lib/gcc/arm-none-eabi/7.3.1/thumb/v7e-m/fpv4-sp/hard/crtbegin.o

.rodata         0x00000000080013a8       0x2c
                0x00000000080013a8                . = ALIGN (0x4)
 *(.rodata)
 .rodata        0x00000000080013a8       0x11 Core/Src/main.o
 *(.rodata*)
 *fill*         0x00000000080013b9        0x3 
 .rodata.AHBPrescTable
                0x00000000080013bc       0x10 Core/Src/system_stm32f3xx.o
                0x00000000080013bc                AHBPrescTable
 .rodata.APBPrescTable
                0x00000000080013cc        0x8 Core/Src/system_stm32f3xx.o
                0x00000000080013cc                APBPrescTable
                0x00000000080013d4                . = ALIGN (0x4)

.rel.dyn        0x00000000080013d4        0x0
 .rel.iplt      0x00000000080013d4        0x0 f:/st/stm32cubeide_1.4.0/stm32cubeide/plugins/com.st.stm32cube.ide.mcu.externaltools.gnu-tools-for-stm32.7-2018-q2-update.win32_1.4.0.202007081208/tools/bin/../lib/gcc/arm-none-eabi/7.3.1/thumb/v7e-m/fpv4-sp/hard/crtbegin.o

.ARM.extab      0x00000000080013d4        0x0
                0x00000000080013d4                . = ALIGN (0x4)
 *(.ARM.extab* .gnu.linkonce.armextab.*)
                0x00000000080013d4                . = ALIGN (0x4)

.ARM            0x00000000080013d4        0x0
                0x00000000080013d4                . = ALIGN (0x4)
                0x00000000080013d4                __exidx_start = .
 *(.ARM.exidx*)
                0x00000000080013d4                __exidx_end = .
                0x00000000080013d4                . = ALIGN (0x4)

.preinit_array  0x00000000080013d4        0x0
                0x00000000080013d4                . = ALIGN (0x4)
                0x00000000080013d4                PROVIDE (__preinit_array_start = .)
 *(.preinit_array*)
                0x00000000080013d4                PROVIDE (__preinit_array_end = .)
                0x00000000080013d4                . = ALIGN (0x4)

.init_array     0x00000000080013d4        0x4
                0x00000000080013d4                . = ALIGN (0x4)
                0x00000000080013d4                PROVIDE (__init_array_start = .)
 *(SORT_BY_NAME(.init_array.*))
 *(.init_array*)
 .init_array    0x00000000080013d4        0x4 f:/st/stm32cubeide_1.4.0/stm32cubeide/plugins/com.st.stm32cube.ide.mcu.externaltools.gnu-tools-for-stm32.7-2018-q2-update.win32_1.4.0.202007081208/tools/bin/../lib/gcc/arm-none-eabi/7.3.1/thumb/v7e-m/fpv4-sp/hard/crtbegin.o
                0x00000000080013d8                PROVIDE (__init_array_end = .)
                0x00000000080013d8                . = ALIGN (0x4)

.fini_array     0x00000000080013d8        0x4
                0x00000000080013d8                . = ALIGN (0x4)
                [!provide]                        PROVIDE (__fini_array_start = .)
 *(SORT_BY_NAME(.fini_array.*))
 *(.fini_array*)
 .fini_array    0x00000000080013d8        0x4 f:/st/stm32cubeide_1.4.0/stm32cubeide/plugins/com.st.stm32cube.ide.mcu.externaltools.gnu-tools-for-stm32.7-2018-q2-update.win32_1.4.0.202007081208/tools/bin/../lib/gcc/arm-none-eabi/7.3.1/thumb/v7e-m/fpv4-sp/hard/crtbegin.o
                [!provide]                        PROVIDE (__fini_array_end = .)
                0x00000000080013dc                . = ALIGN (0x4)
                0x00000000080013dc                _sidata = LOADADDR (.data)

.data           0x0000000020000000        0x4 load address 0x00000000080013dc
                0x0000000020000000                . = ALIGN (0x4)
                0x0000000020000000                _sdata = .
 *(.data)
 *(.data*)
 .data.SystemCoreClock
                0x0000000020000000        0x4 Core/Src/system_stm32f3xx.o
                0x0000000020000000                SystemCoreClock
                0x0000000020000004                . = ALIGN (0x4)
                0x0000000020000004                _edata = .

.igot.plt       0x0000000020000004        0x0 load address 0x00000000080013e0
 .igot.plt      0x0000000020000004        0x0 f:/st/stm32cubeide_1.4.0/stm32cubeide/plugins/com.st.stm32cube.ide.mcu.externaltools.gnu-tools-for-stm32.7-2018-q2-update.win32_1.4.0.202007081208/tools/bin/../lib/gcc/arm-none-eabi/7.3.1/thumb/v7e-m/fpv4-sp/hard/crtbegin.o
                0x0000000020000004                . = ALIGN (0x4)

.bss            0x0000000020000004       0x24 load address 0x00000000080013e0
                0x0000000020000004                _sbss = .
                0x0000000020000004                __bss_start__ = _sbss
 *(.bss)
 .bss           0x0000000020000004       0x1c f:/st/stm32cubeide_1.4.0/stm32cubeide/plugins/com.st.stm32cube.ide.mcu.externaltools.gnu-tools-for-stm32.7-2018-q2-update.win32_1.4.0.202007081208/tools/bin/../lib/gcc/arm-none-eabi/7.3.1/thumb/v7e-m/fpv4-sp/hard/crtbegin.o
 *(.bss*)
 .bss.count.8616
                0x0000000020000020        0x1 Core/Src/main.o
 *fill*         0x0000000020000021        0x3 
 .bss.usart2_callback
                0x0000000020000024        0x4 Core/Src/usart.o
 *(COMMON)
                0x0000000020000028                . = ALIGN (0x4)
                0x0000000020000028                _ebss = .
                0x0000000020000028                __bss_end__ = _ebss

._user_heap_stack
                0x0000000020000028      0x600 load address 0x00000000080013e0
                0x0000000020000028                . = ALIGN (0x8)
                [!provide]                        PROVIDE (end = .)
                0x0000000020000028                PROVIDE (_end = .)
                0x0000000020000228                . = (. + _Min_Heap_Size)
 *fill*         0x0000000020000028      0x200 
                0x0000000020000628                . = (. + _Min_Stack_Size)
 *fill*         0x0000000020000228      0x400 
                0x0000000020000628                . = ALIGN (0x8)

/DISCARD/
 libc.a(*)
 libm.a(*)
 libgcc.a(*)

.ARM.attributes
                0x0000000000000000       0x30
 *(.ARM.attributes)
 .ARM.attributes
                0x0000000000000000       0x22 f:/st/stm32cubeide_1.4.0/stm32cubeide/plugins/com.st.stm32cube.ide.mcu.externaltools.gnu-tools-for-stm32.7-2018-q2-update.win32_1.4.0.202007081208/tools/bin/../lib/gcc/arm-none-eabi/7.3.1/thumb/v7e-m/fpv4-sp/hard/crti.o
 .ARM.attributes
                0x0000000000000022       0x34 f:/st/stm32cubeide_1.4.0/stm32cubeide/plugins/com.st.stm32cube.ide.mcu.externaltools.gnu-tools-for-stm32.7-2018-q2-update.win32_1.4.0.202007081208/tools/bin/../lib/gcc/arm-none-eabi/7.3.1/thumb/v7e-m/fpv4-sp/hard/crtbegin.o
 .ARM.attributes
                0x0000000000000056       0x39 Core/Src/gpio.o
 .ARM.attributes
                0x000000000000008f       0x39 Core/Src/main.o
 .ARM.attributes
                0x00000000000000c8       0x39 Core/Src/stm32f3xx_it.o
 .ARM.attributes
                0x0000000000000101       0x39 Core/Src/system_stm32f3xx.o
 .ARM.attributes
                0x000000000000013a       0x39 Core/Src/usart.o
 .ARM.attributes
                0x0000000000000173       0x21 Core/Startup/startup_stm32f303k8tx.o
 .ARM.attributes
                0x0000000000000194       0x39 Drivers/STM32F3xx_HAL_Driver/Src/stm32f3xx_ll_gpio.o
 .ARM.attributes
                0x00000000000001cd       0x39 Drivers/STM32F3xx_HAL_Driver/Src/stm32f3xx_ll_rcc.o
 .ARM.attributes
                0x0000000000000206       0x39 Drivers/STM32F3xx_HAL_Driver/Src/stm32f3xx_ll_usart.o
 .ARM.attributes
                0x000000000000023f       0x39 Drivers/STM32F3xx_HAL_Driver/Src/stm32f3xx_ll_utils.o
 .ARM.attributes
                0x0000000000000278       0x34 f:/st/stm32cubeide_1.4.0/stm32cubeide/plugins/com.st.stm32cube.ide.mcu.externaltools.gnu-tools-for-stm32.7-2018-q2-update.win32_1.4.0.202007081208/tools/bin/../lib/gcc/arm-none-eabi/7.3.1/../../../../arm-none-eabi/lib/thumb/v7e-m/fpv4-sp/hard\libc_nano.a(lib_a-init.o)
 .ARM.attributes
                0x00000000000002ac       0x22 f:/st/stm32cubeide_1.4.0/stm32cubeide/plugins/com.st.stm32cube.ide.mcu.externaltools.gnu-tools-for-stm32.7-2018-q2-update.win32_1.4.0.202007081208/tools/bin/../lib/gcc/arm-none-eabi/7.3.1/thumb/v7e-m/fpv4-sp/hard/crtn.o
OUTPUT(vrs_cv6.elf elf32-littlearm)

.debug_info     0x0000000000000000     0x3cf7
 .debug_info    0x0000000000000000      0x395 Core/Src/gpio.o
 .debug_info    0x0000000000000395      0x990 Core/Src/main.o
 .debug_info    0x0000000000000d25      0x334 Core/Src/stm32f3xx_it.o
 .debug_info    0x0000000000001059      0x400 Core/Src/system_stm32f3xx.o
 .debug_info    0x0000000000001459      0xac4 Core/Src/usart.o
 .debug_info    0x0000000000001f1d       0x22 Core/Startup/startup_stm32f303k8tx.o
 .debug_info    0x0000000000001f3f      0x7e2 Drivers/STM32F3xx_HAL_Driver/Src/stm32f3xx_ll_gpio.o
 .debug_info    0x0000000000002721      0x704 Drivers/STM32F3xx_HAL_Driver/Src/stm32f3xx_ll_rcc.o
 .debug_info    0x0000000000002e25      0x6bf Drivers/STM32F3xx_HAL_Driver/Src/stm32f3xx_ll_usart.o
 .debug_info    0x00000000000034e4      0x813 Drivers/STM32F3xx_HAL_Driver/Src/stm32f3xx_ll_utils.o

.debug_abbrev   0x0000000000000000     0x1094
 .debug_abbrev  0x0000000000000000      0x15d Core/Src/gpio.o
 .debug_abbrev  0x000000000000015d      0x20b Core/Src/main.o
 .debug_abbrev  0x0000000000000368      0x15e Core/Src/stm32f3xx_it.o
 .debug_abbrev  0x00000000000004c6      0x111 Core/Src/system_stm32f3xx.o
 .debug_abbrev  0x00000000000005d7      0x21f Core/Src/usart.o
 .debug_abbrev  0x00000000000007f6       0x12 Core/Startup/startup_stm32f303k8tx.o
 .debug_abbrev  0x0000000000000808      0x212 Drivers/STM32F3xx_HAL_Driver/Src/stm32f3xx_ll_gpio.o
 .debug_abbrev  0x0000000000000a1a      0x238 Drivers/STM32F3xx_HAL_Driver/Src/stm32f3xx_ll_rcc.o
 .debug_abbrev  0x0000000000000c52      0x1b1 Drivers/STM32F3xx_HAL_Driver/Src/stm32f3xx_ll_usart.o
 .debug_abbrev  0x0000000000000e03      0x291 Drivers/STM32F3xx_HAL_Driver/Src/stm32f3xx_ll_utils.o

.debug_aranges  0x0000000000000000      0x520
 .debug_aranges
                0x0000000000000000       0x30 Core/Src/gpio.o
 .debug_aranges
                0x0000000000000030       0xc8 Core/Src/main.o
 .debug_aranges
                0x00000000000000f8       0x78 Core/Src/stm32f3xx_it.o
 .debug_aranges
                0x0000000000000170       0x28 Core/Src/system_stm32f3xx.o
 .debug_aranges
                0x0000000000000198       0x78 Core/Src/usart.o
 .debug_aranges
                0x0000000000000210       0x28 Core/Startup/startup_stm32f303k8tx.o
 .debug_aranges
                0x0000000000000238       0x70 Drivers/STM32F3xx_HAL_Driver/Src/stm32f3xx_ll_gpio.o
 .debug_aranges
                0x00000000000002a8      0x100 Drivers/STM32F3xx_HAL_Driver/Src/stm32f3xx_ll_rcc.o
 .debug_aranges
                0x00000000000003a8       0x88 Drivers/STM32F3xx_HAL_Driver/Src/stm32f3xx_ll_usart.o
 .debug_aranges
                0x0000000000000430       0xf0 Drivers/STM32F3xx_HAL_Driver/Src/stm32f3xx_ll_utils.o

.debug_ranges   0x0000000000000000      0x488
 .debug_ranges  0x0000000000000000       0x20 Core/Src/gpio.o
 .debug_ranges  0x0000000000000020       0xb8 Core/Src/main.o
 .debug_ranges  0x00000000000000d8       0x68 Core/Src/stm32f3xx_it.o
 .debug_ranges  0x0000000000000140       0x18 Core/Src/system_stm32f3xx.o
 .debug_ranges  0x0000000000000158       0x68 Core/Src/usart.o
 .debug_ranges  0x00000000000001c0       0x20 Core/Startup/startup_stm32f303k8tx.o
 .debug_ranges  0x00000000000001e0       0x60 Drivers/STM32F3xx_HAL_Driver/Src/stm32f3xx_ll_gpio.o
 .debug_ranges  0x0000000000000240       0xf0 Drivers/STM32F3xx_HAL_Driver/Src/stm32f3xx_ll_rcc.o
 .debug_ranges  0x0000000000000330       0x78 Drivers/STM32F3xx_HAL_Driver/Src/stm32f3xx_ll_usart.o
 .debug_ranges  0x00000000000003a8       0xe0 Drivers/STM32F3xx_HAL_Driver/Src/stm32f3xx_ll_utils.o

.debug_macro    0x0000000000000000    0x14f7c
 .debug_macro   0x0000000000000000      0x136 Core/Src/gpio.o
 .debug_macro   0x0000000000000136      0xa90 Core/Src/gpio.o
 .debug_macro   0x0000000000000bc6       0x2e Core/Src/gpio.o
 .debug_macro   0x0000000000000bf4       0x28 Core/Src/gpio.o
 .debug_macro   0x0000000000000c1c       0x22 Core/Src/gpio.o
 .debug_macro   0x0000000000000c3e       0x8e Core/Src/gpio.o
 .debug_macro   0x0000000000000ccc       0x51 Core/Src/gpio.o
 .debug_macro   0x0000000000000d1d       0xef Core/Src/gpio.o
 .debug_macro   0x0000000000000e0c       0x6a Core/Src/gpio.o
 .debug_macro   0x0000000000000e76      0x1df Core/Src/gpio.o
 .debug_macro   0x0000000000001055       0x1c Core/Src/gpio.o
 .debug_macro   0x0000000000001071       0x22 Core/Src/gpio.o
 .debug_macro   0x0000000000001093       0xdf Core/Src/gpio.o
 .debug_macro   0x0000000000001172      0xf07 Core/Src/gpio.o
 .debug_macro   0x0000000000002079    0x10bd9 Core/Src/gpio.o
 .debug_macro   0x0000000000012c52       0x43 Core/Src/gpio.o
 .debug_macro   0x0000000000012c95      0x4bc Core/Src/gpio.o
 .debug_macro   0x0000000000013151       0xe1 Core/Src/gpio.o
 .debug_macro   0x0000000000013232      0x29f Core/Src/gpio.o
 .debug_macro   0x00000000000134d1       0xfe Core/Src/gpio.o
 .debug_macro   0x00000000000135cf       0x28 Core/Src/gpio.o
 .debug_macro   0x00000000000135f7       0x30 Core/Src/gpio.o
 .debug_macro   0x0000000000013627       0xa8 Core/Src/gpio.o
 .debug_macro   0x00000000000136cf      0x287 Core/Src/gpio.o
 .debug_macro   0x0000000000013956      0x2f7 Core/Src/gpio.o
 .debug_macro   0x0000000000013c4d      0x142 Core/Src/gpio.o
 .debug_macro   0x0000000000013d8f       0x2e Core/Src/gpio.o
 .debug_macro   0x0000000000013dbd      0x144 Core/Src/main.o
 .debug_macro   0x0000000000013f01      0x136 Core/Src/stm32f3xx_it.o
 .debug_macro   0x0000000000014037       0xc3 Core/Src/system_stm32f3xx.o
 .debug_macro   0x00000000000140fa      0x136 Core/Src/usart.o
 .debug_macro   0x0000000000014230       0xff Drivers/STM32F3xx_HAL_Driver/Src/stm32f3xx_ll_gpio.o
 .debug_macro   0x000000000001432f      0x13c Drivers/STM32F3xx_HAL_Driver/Src/stm32f3xx_ll_gpio.o
 .debug_macro   0x000000000001446b       0xf1 Drivers/STM32F3xx_HAL_Driver/Src/stm32f3xx_ll_rcc.o
 .debug_macro   0x000000000001455c      0x132 Drivers/STM32F3xx_HAL_Driver/Src/stm32f3xx_ll_usart.o
 .debug_macro   0x000000000001468e      0x2f1 Drivers/STM32F3xx_HAL_Driver/Src/stm32f3xx_ll_usart.o
 .debug_macro   0x000000000001497f      0x4c2 Drivers/STM32F3xx_HAL_Driver/Src/stm32f3xx_ll_usart.o
 .debug_macro   0x0000000000014e41      0x13b Drivers/STM32F3xx_HAL_Driver/Src/stm32f3xx_ll_utils.o

.debug_line     0x0000000000000000     0x3a3e
 .debug_line    0x0000000000000000      0x5a2 Core/Src/gpio.o
 .debug_line    0x00000000000005a2      0x782 Core/Src/main.o
 .debug_line    0x0000000000000d24      0x672 Core/Src/stm32f3xx_it.o
 .debug_line    0x0000000000001396      0x47a Core/Src/system_stm32f3xx.o
 .debug_line    0x0000000000001810      0x68d Core/Src/usart.o
 .debug_line    0x0000000000001e9d       0x85 Core/Startup/startup_stm32f303k8tx.o
 .debug_line    0x0000000000001f22      0x661 Drivers/STM32F3xx_HAL_Driver/Src/stm32f3xx_ll_gpio.o
 .debug_line    0x0000000000002583      0x73d Drivers/STM32F3xx_HAL_Driver/Src/stm32f3xx_ll_rcc.o
 .debug_line    0x0000000000002cc0      0x622 Drivers/STM32F3xx_HAL_Driver/Src/stm32f3xx_ll_usart.o
 .debug_line    0x00000000000032e2      0x75c Drivers/STM32F3xx_HAL_Driver/Src/stm32f3xx_ll_utils.o

.debug_str      0x0000000000000000    0x6f34c
 .debug_str     0x0000000000000000    0x6c9f6 Core/Src/gpio.o
                                      0x6cb95 (size before relaxing)
 .debug_str     0x000000000006c9f6      0x2ce Core/Src/main.o
                                      0x6ce23 (size before relaxing)
 .debug_str     0x000000000006ccc4      0x10a Core/Src/stm32f3xx_it.o
                                      0x6cba1 (size before relaxing)
 .debug_str     0x000000000006cdce       0x73 Core/Src/system_stm32f3xx.o
                                      0x6520b (size before relaxing)
 .debug_str     0x000000000006ce41      0x3f6 Core/Src/usart.o
                                      0x6d12b (size before relaxing)
 .debug_str     0x000000000006d237       0x36 Core/Startup/startup_stm32f303k8tx.o
                                         0x78 (size before relaxing)
 .debug_str     0x000000000006d26d      0x673 Drivers/STM32F3xx_HAL_Driver/Src/stm32f3xx_ll_gpio.o
                                      0x6655a (size before relaxing)
 .debug_str     0x000000000006d8e0      0x502 Drivers/STM32F3xx_HAL_Driver/Src/stm32f3xx_ll_rcc.o
                                      0x679ac (size before relaxing)
 .debug_str     0x000000000006dde2      0x8ad Drivers/STM32F3xx_HAL_Driver/Src/stm32f3xx_ll_usart.o
                                      0x694c1 (size before relaxing)
 .debug_str     0x000000000006e68f      0xcbd Drivers/STM32F3xx_HAL_Driver/Src/stm32f3xx_ll_utils.o
                                      0x6a21c (size before relaxing)

.comment        0x0000000000000000       0x7b
 .comment       0x0000000000000000       0x7b Core/Src/gpio.o
                                         0x7c (size before relaxing)
 .comment       0x000000000000007b       0x7c Core/Src/main.o
 .comment       0x000000000000007b       0x7c Core/Src/stm32f3xx_it.o
 .comment       0x000000000000007b       0x7c Core/Src/system_stm32f3xx.o
 .comment       0x000000000000007b       0x7c Core/Src/usart.o
 .comment       0x000000000000007b       0x7c Drivers/STM32F3xx_HAL_Driver/Src/stm32f3xx_ll_gpio.o
 .comment       0x000000000000007b       0x7c Drivers/STM32F3xx_HAL_Driver/Src/stm32f3xx_ll_rcc.o
 .comment       0x000000000000007b       0x7c Drivers/STM32F3xx_HAL_Driver/Src/stm32f3xx_ll_usart.o
 .comment       0x000000000000007b       0x7c Drivers/STM32F3xx_HAL_Driver/Src/stm32f3xx_ll_utils.o

.debug_frame    0x0000000000000000     0x137c
 .debug_frame   0x0000000000000000       0x84 Core/Src/gpio.o
 .debug_frame   0x0000000000000084      0x340 Core/Src/main.o
 .debug_frame   0x00000000000003c4      0x17c Core/Src/stm32f3xx_it.o
 .debug_frame   0x0000000000000540       0x58 Core/Src/system_stm32f3xx.o
 .debug_frame   0x0000000000000598      0x1e0 Core/Src/usart.o
 .debug_frame   0x0000000000000778      0x1c0 Drivers/STM32F3xx_HAL_Driver/Src/stm32f3xx_ll_gpio.o
 .debug_frame   0x0000000000000938      0x408 Drivers/STM32F3xx_HAL_Driver/Src/stm32f3xx_ll_rcc.o
 .debug_frame   0x0000000000000d40      0x234 Drivers/STM32F3xx_HAL_Driver/Src/stm32f3xx_ll_usart.o
 .debug_frame   0x0000000000000f74      0x3dc Drivers/STM32F3xx_HAL_Driver/Src/stm32f3xx_ll_utils.o
 .debug_frame   0x0000000000001350       0x2c f:/st/stm32cubeide_1.4.0/stm32cubeide/plugins/com.st.stm32cube.ide.mcu.externaltools.gnu-tools-for-stm32.7-2018-q2-update.win32_1.4.0.202007081208/tools/bin/../lib/gcc/arm-none-eabi/7.3.1/../../../../arm-none-eabi/lib/thumb/v7e-m/fpv4-sp/hard\libc_nano.a(lib_a-init.o)
